[Sun Dec 02 07:29:59.467577 2018] [ssl:warn] [pid 42] AH01906: RSA server certificate is a CA certificate (BasicConstraints: CA == TRUE !?)
[Sun Dec 02 07:29:59.597393 2018] [ssl:warn] [pid 43] AH01906: RSA server certificate is a CA certificate (BasicConstraints: CA == TRUE !?)
[Sun Dec 02 07:30:09.851024 2018] [php7:notice] [pid 48] [client 172.17.0.1:47264] PHP Notice:  Undefined index: test in /var/www/html/volley-app.com/public_html/login.php on line 161
[Sun Dec 02 07:30:10.511678 2018] [php7:notice] [pid 504] [client 172.17.0.1:47286] PHP Notice:  Undefined property: stdClass::$role in /var/www/html/volley-app.com/public_html/login.php on line 87
[Sun Dec 02 08:51:11.214171 2018] [php7:notice] [pid 487] [client 172.17.0.1:50894] PHP Notice:  Undefined index: vkid in /var/www/html/volley-app.com/public_html/index.php on line 5
[Sun Dec 02 08:51:11.215788 2018] [php7:warn] [pid 487] [client 172.17.0.1:50894] PHP Warning:  mysqli_fetch_assoc() expects parameter 1 to be mysqli_result, boolean given in /var/www/html/volley-app.com/public_html/lib/dbq.php on line 144
[Sun Dec 02 08:51:11.216478 2018] [php7:warn] [pid 487] [client 172.17.0.1:50894] PHP Warning:  mysqli_fetch_assoc() expects parameter 1 to be mysqli_result, boolean given in /var/www/html/volley-app.com/public_html/lib/dbq.php on line 226
[Sun Dec 02 08:51:11.216886 2018] [php7:warn] [pid 487] [client 172.17.0.1:50894] PHP Warning:  mysqli_fetch_assoc() expects parameter 1 to be mysqli_result, boolean given in /var/www/html/volley-app.com/public_html/lib/dbq.php on line 144
[Sun Dec 02 08:51:11.217501 2018] [php7:warn] [pid 487] [client 172.17.0.1:50894] PHP Warning:  mysqli_fetch_assoc() expects parameter 1 to be mysqli_result, boolean given in /var/www/html/volley-app.com/public_html/lib/dbq.php on line 226
[Sun Dec 02 08:51:11.217845 2018] [php7:warn] [pid 487] [client 172.17.0.1:50894] PHP Warning:  mysqli_fetch_assoc() expects parameter 1 to be mysqli_result, boolean given in /var/www/html/volley-app.com/public_html/lib/dbq.php on line 144
[Sun Dec 02 08:51:11.218232 2018] [php7:warn] [pid 487] [client 172.17.0.1:50894] PHP Warning:  mysqli_fetch_assoc() expects parameter 1 to be mysqli_result, boolean given in /var/www/html/volley-app.com/public_html/lib/dbq.php on line 226
[Sun Dec 02 08:51:11.218570 2018] [php7:warn] [pid 487] [client 172.17.0.1:50894] PHP Warning:  mysqli_fetch_assoc() expects parameter 1 to be mysqli_result, boolean given in /var/www/html/volley-app.com/public_html/lib/dbq.php on line 144
[Sun Dec 02 08:51:11.218956 2018] [php7:warn] [pid 487] [client 172.17.0.1:50894] PHP Warning:  mysqli_fetch_assoc() expects parameter 1 to be mysqli_result, boolean given in /var/www/html/volley-app.com/public_html/lib/dbq.php on line 226
[Sun Dec 02 08:51:11.219294 2018] [php7:warn] [pid 487] [client 172.17.0.1:50894] PHP Warning:  mysqli_fetch_assoc() expects parameter 1 to be mysqli_result, boolean given in /var/www/html/volley-app.com/public_html/lib/dbq.php on line 144
[Sun Dec 02 08:51:11.219900 2018] [php7:warn] [pid 487] [client 172.17.0.1:50894] PHP Warning:  mysqli_fetch_assoc() expects parameter 1 to be mysqli_result, boolean given in /var/www/html/volley-app.com/public_html/lib/dbq.php on line 226
[Sun Dec 02 08:51:11.220282 2018] [php7:warn] [pid 487] [client 172.17.0.1:50894] PHP Warning:  mysqli_fetch_assoc() expects parameter 1 to be mysqli_result, boolean given in /var/www/html/volley-app.com/public_html/lib/dbq.php on line 144
[Sun Dec 02 08:51:11.220665 2018] [php7:warn] [pid 487] [client 172.17.0.1:50894] PHP Warning:  mysqli_fetch_assoc() expects parameter 1 to be mysqli_result, boolean given in /var/www/html/volley-app.com/public_html/lib/dbq.php on line 226
[Sun Dec 02 08:51:11.221003 2018] [php7:warn] [pid 487] [client 172.17.0.1:50894] PHP Warning:  mysqli_fetch_assoc() expects parameter 1 to be mysqli_result, boolean given in /var/www/html/volley-app.com/public_html/lib/dbq.php on line 144
[Sun Dec 02 08:51:11.221384 2018] [php7:warn] [pid 487] [client 172.17.0.1:50894] PHP Warning:  mysqli_fetch_assoc() expects parameter 1 to be mysqli_result, boolean given in /var/www/html/volley-app.com/public_html/lib/dbq.php on line 226
[Sun Dec 02 08:51:11.221732 2018] [php7:warn] [pid 487] [client 172.17.0.1:50894] PHP Warning:  mysqli_fetch_assoc() expects parameter 1 to be mysqli_result, boolean given in /var/www/html/volley-app.com/public_html/lib/dbq.php on line 144
[Sun Dec 02 08:51:11.222314 2018] [php7:warn] [pid 487] [client 172.17.0.1:50894] PHP Warning:  mysqli_fetch_assoc() expects parameter 1 to be mysqli_result, boolean given in /var/www/html/volley-app.com/public_html/lib/dbq.php on line 226
[Sun Dec 02 08:51:11.222645 2018] [php7:warn] [pid 487] [client 172.17.0.1:50894] PHP Warning:  mysqli_fetch_assoc() expects parameter 1 to be mysqli_result, boolean given in /var/www/html/volley-app.com/public_html/lib/dbq.php on line 144
[Sun Dec 02 08:51:11.223024 2018] [php7:warn] [pid 487] [client 172.17.0.1:50894] PHP Warning:  mysqli_fetch_assoc() expects parameter 1 to be mysqli_result, boolean given in /var/www/html/volley-app.com/public_html/lib/dbq.php on line 226
[Sun Dec 02 08:51:11.223395 2018] [php7:warn] [pid 487] [client 172.17.0.1:50894] PHP Warning:  mysqli_fetch_assoc() expects parameter 1 to be mysqli_result, boolean given in /var/www/html/volley-app.com/public_html/lib/dbq.php on line 144
[Sun Dec 02 08:51:11.223770 2018] [php7:warn] [pid 487] [client 172.17.0.1:50894] PHP Warning:  mysqli_fetch_assoc() expects parameter 1 to be mysqli_result, boolean given in /var/www/html/volley-app.com/public_html/lib/dbq.php on line 226
[Sun Dec 02 19:50:24.449233 2018] [php7:notice] [pid 502] [client 172.17.0.1:43682] PHP Notice:  Undefined index: test in /var/www/html/volley-app.com/public_html/login.php on line 161
[Sun Dec 02 19:50:25.258072 2018] [php7:notice] [pid 488] [client 172.17.0.1:43704] PHP Notice:  Undefined property: stdClass::$role in /var/www/html/volley-app.com/public_html/login.php on line 87
[Sun Dec 02 20:01:42.383118 2018] [php7:emerg] [pid 504] [client 172.17.0.1:44088] PHP Parse error:  syntax error, unexpected ';' in /var/www/html/volley-app.com/public_html/lib/dbq.php on line 252, referer: https://vk.com/app6738467
[Sun Dec 02 20:02:23.613807 2018] [php7:emerg] [pid 487] [client 172.17.0.1:44126] PHP Parse error:  syntax error, unexpected ';' in /var/www/html/volley-app.com/public_html/lib/dbq.php on line 252, referer: https://vk.com/app6738467
[Sun Dec 02 20:03:10.224240 2018] [php7:emerg] [pid 487] [client 172.17.0.1:44160] PHP Parse error:  syntax error, unexpected ';' in /var/www/html/volley-app.com/public_html/lib/dbq.php on line 252, referer: https://vk.com/app6738467
[Sun Dec 02 20:05:26.421336 2018] [php7:emerg] [pid 504] [client 172.17.0.1:44196] PHP Parse error:  syntax error, unexpected ';' in /var/www/html/volley-app.com/public_html/lib/dbq.php on line 253, referer: https://vk.com/app6738467
[Sun Dec 02 20:12:48.048961 2018] [php7:notice] [pid 502] [client 172.17.0.1:47544] PHP Notice:  Undefined variable: trid in /var/www/html/volley-app.com/public_html/lib/dbq.php on line 165, referer: https://lvh.me/index.php?vkid=39891999
[Sun Dec 02 20:12:48.049132 2018] [php7:warn] [pid 502] [client 172.17.0.1:47544] PHP Warning:  mysqli_fetch_assoc() expects parameter 1 to be mysqli_result, boolean given in /var/www/html/volley-app.com/public_html/lib/dbq.php on line 239, referer: https://lvh.me/index.php?vkid=39891999
[Sun Dec 02 20:12:48.049148 2018] [php7:notice] [pid 502] [client 172.17.0.1:47544] PHP Notice:  Undefined variable: trid in /var/www/html/volley-app.com/public_html/lib/dbq.php on line 166, referer: https://lvh.me/index.php?vkid=39891999
[Sun Dec 02 20:14:53.727871 2018] [php7:error] [pid 487] [client 172.17.0.1:48730] PHP Fatal error:  Uncaught Error: Cannot use object of type mysqli_result as array in /var/www/html/volley-app.com/public_html/lib/dbq.php:260\nStack trace:\n#0 /var/www/html/volley-app.com/public_html/lib/dbq.php(166): get_training_capacity(Object(mysqli), '1')\n#1 /var/www/html/volley-app.com/public_html/api.php(38): update_field('event_training', 'sched', 2, Array, Array, Object(mysqli))\n#2 {main}\n  thrown in /var/www/html/volley-app.com/public_html/lib/dbq.php on line 260, referer: https://lvh.me/index.php?vkid=39891999
[Sun Dec 02 20:18:46.688725 2018] [php7:error] [pid 48] [client 172.17.0.1:50730] PHP Fatal error:  Uncaught Error: Cannot use object of type mysqli_result as array in /var/www/html/volley-app.com/public_html/lib/dbq.php:260\nStack trace:\n#0 /var/www/html/volley-app.com/public_html/lib/dbq.php(166): get_training_capacity(Object(mysqli), '2')\n#1 /var/www/html/volley-app.com/public_html/api.php(52): update_field('event_training', 'sched', 1, Array, Array, Object(mysqli))\n#2 {main}\n  thrown in /var/www/html/volley-app.com/public_html/lib/dbq.php on line 260, referer: https://lvh.me/index.php?vkid=39891999
[Sun Dec 02 20:22:41.226492 2018] [php7:error] [pid 504] [client 172.17.0.1:52728] PHP Fatal error:  Uncaught Error: Cannot use object of type mysqli_result as array in /var/www/html/volley-app.com/public_html/lib/dbq.php:261\nStack trace:\n#0 /var/www/html/volley-app.com/public_html/lib/dbq.php(167): get_training_capacity(Object(mysqli), '1')\n#1 /var/www/html/volley-app.com/public_html/api.php(38): update_field('event_training', 'sched', 2, Array, Array, Object(mysqli))\n#2 {main}\n  thrown in /var/www/html/volley-app.com/public_html/lib/dbq.php on line 261, referer: https://lvh.me/index.php?vkid=39891999
[Sun Dec 02 20:25:58.305960 2018] [php7:notice] [pid 488] [client 172.17.0.1:54436] PHP Notice:  Undefined variable: schedbutton in /var/www/html/volley-app.com/public_html/lib/dbq.php on line 99, referer: https://lvh.me/index.php?vkid=39891999
[Sun Dec 02 20:27:37.226654 2018] [php7:emerg] [pid 504] [client 172.17.0.1:55278] PHP Parse error:  syntax error, unexpected end of file in /var/www/html/volley-app.com/public_html/lib/dbq.php on line 265, referer: https://vk.com/app6738467
[Sun Dec 02 20:29:59.215452 2018] [php7:error] [pid 504] [client 172.17.0.1:56660] PHP Fatal error:  Uncaught Error: Cannot use object of type mysqli_result as array in /var/www/html/volley-app.com/public_html/lib/dbq.php:262\nStack trace:\n#0 /var/www/html/volley-app.com/public_html/lib/dbq.php(168): get_training_capacity(Object(mysqli), '1')\n#1 /var/www/html/volley-app.com/public_html/api.php(38): update_field('event_training', 'sched', 2, Array, Array, Object(mysqli))\n#2 {main}\n  thrown in /var/www/html/volley-app.com/public_html/lib/dbq.php on line 262, referer: https://lvh.me/index.php?vkid=514842413
[Sun Dec 02 20:30:08.628882 2018] [php7:error] [pid 488] [client 172.17.0.1:56688] PHP Fatal error:  Uncaught Error: Cannot use object of type mysqli_result as array in /var/www/html/volley-app.com/public_html/lib/dbq.php:262\nStack trace:\n#0 /var/www/html/volley-app.com/public_html/lib/dbq.php(168): get_training_capacity(Object(mysqli), '1')\n#1 /var/www/html/volley-app.com/public_html/api.php(38): update_field('event_training', 'sched', 2, Array, Array, Object(mysqli))\n#2 {main}\n  thrown in /var/www/html/volley-app.com/public_html/lib/dbq.php on line 262, referer: https://lvh.me/index.php?vkid=514842413
[Sun Dec 02 20:32:10.268257 2018] [php7:error] [pid 503] [client 172.17.0.1:56798] PHP Fatal error:  Uncaught Error: Cannot use object of type mysqli_result as array in /var/www/html/volley-app.com/public_html/lib/dbq.php:262\nStack trace:\n#0 /var/www/html/volley-app.com/public_html/lib/dbq.php(168): get_training_capacity(Object(mysqli), '1')\n#1 /var/www/html/volley-app.com/public_html/api.php(38): update_field('event_training', 'sched', 2, Array, Array, Object(mysqli))\n#2 {main}\n  thrown in /var/www/html/volley-app.com/public_html/lib/dbq.php on line 262, referer: https://lvh.me/index.php?vkid=514842413
[Sun Dec 02 20:45:38.196979 2018] [php7:error] [pid 502] [client 172.17.0.1:34894] PHP Fatal error:  Uncaught Error: Cannot use object of type mysqli_result as array in /var/www/html/volley-app.com/public_html/lib/dbq.php:264\nStack trace:\n#0 /var/www/html/volley-app.com/public_html/lib/dbq.php(169): get_training_capacity(Object(mysqli), '1')\n#1 /var/www/html/volley-app.com/public_html/api.php(38): update_field('event_training', 'sched', 2, Array, Array, Object(mysqli))\n#2 {main}\n  thrown in /var/www/html/volley-app.com/public_html/lib/dbq.php on line 264, referer: https://lvh.me/index.php?vkid=514842413
[Sun Dec 02 20:47:13.110580 2018] [php7:error] [pid 502] [client 172.17.0.1:35738] PHP Fatal error:  Uncaught Error: Cannot use object of type mysqli_result as array in /var/www/html/volley-app.com/public_html/lib/dbq.php:264\nStack trace:\n#0 /var/www/html/volley-app.com/public_html/lib/dbq.php(169): get_training_capacity(Object(mysqli), '1')\n#1 /var/www/html/volley-app.com/public_html/api.php(38): update_field('event_training', 'sched', 2, Array, Array, Object(mysqli))\n#2 {main}\n  thrown in /var/www/html/volley-app.com/public_html/lib/dbq.php on line 264, referer: https://lvh.me/index.php?vkid=514842413
[Sun Dec 02 20:51:34.215796 2018] [php7:error] [pid 48] [client 172.17.0.1:37934] PHP Fatal error:  Uncaught Error: Cannot use object of type mysqli_result as array in /var/www/html/volley-app.com/public_html/lib/dbq.php:264\nStack trace:\n#0 /var/www/html/volley-app.com/public_html/lib/dbq.php(169): get_training_capacity(Object(mysqli), '514842413')\n#1 /var/www/html/volley-app.com/public_html/api.php(38): update_field('event_training', 'sched', 2, Array, Array, Object(mysqli))\n#2 {main}\n  thrown in /var/www/html/volley-app.com/public_html/lib/dbq.php on line 264, referer: https://lvh.me/index.php?vkid=514842413
[Sun Dec 02 20:51:54.946256 2018] [php7:error] [pid 48] [client 172.17.0.1:38190] PHP Fatal error:  Uncaught Error: Cannot use object of type mysqli_result as array in /var/www/html/volley-app.com/public_html/lib/dbq.php:264\nStack trace:\n#0 /var/www/html/volley-app.com/public_html/lib/dbq.php(169): get_training_capacity(Object(mysqli), '1')\n#1 /var/www/html/volley-app.com/public_html/api.php(38): update_field('event_training', 'sched', 2, Array, Array, Object(mysqli))\n#2 {main}\n  thrown in /var/www/html/volley-app.com/public_html/lib/dbq.php on line 264, referer: https://lvh.me/index.php?vkid=514842413
[Sun Dec 02 20:53:47.135676 2018] [php7:error] [pid 502] [client 172.17.0.1:39202] PHP Fatal error:  Uncaught Error: Cannot use object of type mysqli_result as array in /var/www/html/volley-app.com/public_html/lib/dbq.php:264\nStack trace:\n#0 /var/www/html/volley-app.com/public_html/lib/dbq.php(169): get_training_capacity(Object(mysqli), '1')\n#1 /var/www/html/volley-app.com/public_html/api.php(38): update_field('event_training', 'sched', 2, Array, Array, Object(mysqli))\n#2 {main}\n  thrown in /var/www/html/volley-app.com/public_html/lib/dbq.php on line 264, referer: https://lvh.me/index.php?vkid=514842413
[Sun Dec 02 20:55:28.467065 2018] [php7:error] [pid 47] [client 172.17.0.1:40122] PHP Fatal error:  Uncaught Error: Cannot use object of type mysqli_result as array in /var/www/html/volley-app.com/public_html/lib/dbq.php:264\nStack trace:\n#0 /var/www/html/volley-app.com/public_html/lib/dbq.php(169): get_training_capacity(Object(mysqli), '1')\n#1 /var/www/html/volley-app.com/public_html/api.php(38): update_field('event_training', 'sched', 0, Array, Array, Object(mysqli))\n#2 {main}\n  thrown in /var/www/html/volley-app.com/public_html/lib/dbq.php on line 264, referer: https://lvh.me/index.php?vkid=514842413
[Sun Dec 02 20:55:59.717002 2018] [php7:notice] [pid 501] [client 172.17.0.1:40412] PHP Notice:  Undefined index: vkid in /var/www/html/volley-app.com/public_html/index.php on line 5
[Sun Dec 02 20:55:59.718910 2018] [php7:warn] [pid 501] [client 172.17.0.1:40412] PHP Warning:  mysqli_fetch_assoc() expects parameter 1 to be mysqli_result, boolean given in /var/www/html/volley-app.com/public_html/lib/dbq.php on line 145
[Sun Dec 02 20:55:59.719736 2018] [php7:warn] [pid 501] [client 172.17.0.1:40412] PHP Warning:  mysqli_fetch_assoc() expects parameter 1 to be mysqli_result, boolean given in /var/www/html/volley-app.com/public_html/lib/dbq.php on line 250
[Sun Dec 02 20:55:59.720176 2018] [php7:warn] [pid 501] [client 172.17.0.1:40412] PHP Warning:  mysqli_fetch_assoc() expects parameter 1 to be mysqli_result, boolean given in /var/www/html/volley-app.com/public_html/lib/dbq.php on line 145
[Sun Dec 02 20:55:59.720425 2018] [php7:warn] [pid 501] [client 172.17.0.1:40412] PHP Warning:  mysqli_fetch_assoc() expects parameter 1 to be mysqli_result, boolean given in /var/www/html/volley-app.com/public_html/lib/dbq.php on line 250
[Sun Dec 02 20:55:59.720827 2018] [php7:warn] [pid 501] [client 172.17.0.1:40412] PHP Warning:  mysqli_fetch_assoc() expects parameter 1 to be mysqli_result, boolean given in /var/www/html/volley-app.com/public_html/lib/dbq.php on line 145
[Sun Dec 02 20:55:59.721048 2018] [php7:warn] [pid 501] [client 172.17.0.1:40412] PHP Warning:  mysqli_fetch_assoc() expects parameter 1 to be mysqli_result, boolean given in /var/www/html/volley-app.com/public_html/lib/dbq.php on line 250
[Sun Dec 02 20:55:59.721442 2018] [php7:warn] [pid 501] [client 172.17.0.1:40412] PHP Warning:  mysqli_fetch_assoc() expects parameter 1 to be mysqli_result, boolean given in /var/www/html/volley-app.com/public_html/lib/dbq.php on line 145
[Sun Dec 02 20:55:59.721923 2018] [php7:warn] [pid 501] [client 172.17.0.1:40412] PHP Warning:  mysqli_fetch_assoc() expects parameter 1 to be mysqli_result, boolean given in /var/www/html/volley-app.com/public_html/lib/dbq.php on line 250
[Sun Dec 02 20:55:59.722312 2018] [php7:warn] [pid 501] [client 172.17.0.1:40412] PHP Warning:  mysqli_fetch_assoc() expects parameter 1 to be mysqli_result, boolean given in /var/www/html/volley-app.com/public_html/lib/dbq.php on line 145
[Sun Dec 02 20:55:59.722792 2018] [php7:warn] [pid 501] [client 172.17.0.1:40412] PHP Warning:  mysqli_fetch_assoc() expects parameter 1 to be mysqli_result, boolean given in /var/www/html/volley-app.com/public_html/lib/dbq.php on line 250
[Sun Dec 02 20:55:59.723226 2018] [php7:warn] [pid 501] [client 172.17.0.1:40412] PHP Warning:  mysqli_fetch_assoc() expects parameter 1 to be mysqli_result, boolean given in /var/www/html/volley-app.com/public_html/lib/dbq.php on line 145
[Sun Dec 02 20:55:59.723723 2018] [php7:warn] [pid 501] [client 172.17.0.1:40412] PHP Warning:  mysqli_fetch_assoc() expects parameter 1 to be mysqli_result, boolean given in /var/www/html/volley-app.com/public_html/lib/dbq.php on line 250
[Sun Dec 02 20:55:59.724116 2018] [php7:warn] [pid 501] [client 172.17.0.1:40412] PHP Warning:  mysqli_fetch_assoc() expects parameter 1 to be mysqli_result, boolean given in /var/www/html/volley-app.com/public_html/lib/dbq.php on line 145
[Sun Dec 02 20:55:59.724599 2018] [php7:warn] [pid 501] [client 172.17.0.1:40412] PHP Warning:  mysqli_fetch_assoc() expects parameter 1 to be mysqli_result, boolean given in /var/www/html/volley-app.com/public_html/lib/dbq.php on line 250
[Sun Dec 02 20:55:59.724987 2018] [php7:warn] [pid 501] [client 172.17.0.1:40412] PHP Warning:  mysqli_fetch_assoc() expects parameter 1 to be mysqli_result, boolean given in /var/www/html/volley-app.com/public_html/lib/dbq.php on line 145
[Sun Dec 02 20:55:59.725622 2018] [php7:warn] [pid 501] [client 172.17.0.1:40412] PHP Warning:  mysqli_fetch_assoc() expects parameter 1 to be mysqli_result, boolean given in /var/www/html/volley-app.com/public_html/lib/dbq.php on line 250
[Sun Dec 02 20:55:59.725978 2018] [php7:warn] [pid 501] [client 172.17.0.1:40412] PHP Warning:  mysqli_fetch_assoc() expects parameter 1 to be mysqli_result, boolean given in /var/www/html/volley-app.com/public_html/lib/dbq.php on line 145
[Sun Dec 02 20:55:59.726390 2018] [php7:warn] [pid 501] [client 172.17.0.1:40412] PHP Warning:  mysqli_fetch_assoc() expects parameter 1 to be mysqli_result, boolean given in /var/www/html/volley-app.com/public_html/lib/dbq.php on line 250
[Sun Dec 02 20:55:59.726782 2018] [php7:warn] [pid 501] [client 172.17.0.1:40412] PHP Warning:  mysqli_fetch_assoc() expects parameter 1 to be mysqli_result, boolean given in /var/www/html/volley-app.com/public_html/lib/dbq.php on line 145
[Sun Dec 02 20:55:59.727210 2018] [php7:warn] [pid 501] [client 172.17.0.1:40412] PHP Warning:  mysqli_fetch_assoc() expects parameter 1 to be mysqli_result, boolean given in /var/www/html/volley-app.com/public_html/lib/dbq.php on line 250
[Sun Dec 02 20:56:00.151788 2018] [php7:error] [pid 488] [client 172.17.0.1:40422] PHP Fatal error:  Uncaught Error: Cannot use object of type mysqli_result as array in /var/www/html/volley-app.com/public_html/lib/dbq.php:264\nStack trace:\n#0 /var/www/html/volley-app.com/public_html/lib/dbq.php(169): get_training_capacity(Object(mysqli), '3')\n#1 /var/www/html/volley-app.com/public_html/api.php(52): update_field('event_training', 'sched', 0, Array, Array, Object(mysqli))\n#2 {main}\n  thrown in /var/www/html/volley-app.com/public_html/lib/dbq.php on line 264, referer: https://lvh.me/index.php?vkid=514842413
[Sun Dec 02 20:57:17.710127 2018] [php7:error] [pid 85] [client 172.17.0.1:41138] PHP Fatal error:  Uncaught Error: Cannot use object of type mysqli_result as array in /var/www/html/volley-app.com/public_html/lib/dbq.php:264\nStack trace:\n#0 /var/www/html/volley-app.com/public_html/lib/dbq.php(169): get_training_capacity(Object(mysqli), 3)\n#1 /var/www/html/volley-app.com/public_html/api.php(38): update_field('event_training', 'sched', 0, Array, Array, Object(mysqli))\n#2 {main}\n  thrown in /var/www/html/volley-app.com/public_html/lib/dbq.php on line 264, referer: https://lvh.me/index.php?vkid=514842413
[Sun Dec 02 20:59:41.570357 2018] [php7:notice] [pid 487] [client 172.17.0.1:42406] PHP Notice:  Undefined variable: trid in /var/www/html/volley-app.com/public_html/lib/dbq.php on line 166, referer: https://lvh.me/index.php?vkid=514842413
[Sun Dec 02 20:59:41.570545 2018] [php7:warn] [pid 487] [client 172.17.0.1:42406] PHP Warning:  mysqli_fetch_assoc() expects parameter 1 to be mysqli_result, boolean given in /var/www/html/volley-app.com/public_html/lib/dbq.php on line 241, referer: https://lvh.me/index.php?vkid=514842413
[Sun Dec 02 20:59:41.570569 2018] [php7:notice] [pid 487] [client 172.17.0.1:42406] PHP Notice:  Undefined variable: trid in /var/www/html/volley-app.com/public_html/lib/dbq.php on line 167, referer: https://lvh.me/index.php?vkid=514842413
[Sun Dec 02 21:00:59.741447 2018] [php7:notice] [pid 487] [client 172.17.0.1:43130] PHP Notice:  Undefined variable: trid in /var/www/html/volley-app.com/public_html/lib/dbq.php on line 167, referer: https://lvh.me/index.php?vkid=514842413
[Sun Dec 02 21:00:59.741565 2018] [php7:warn] [pid 487] [client 172.17.0.1:43130] PHP Warning:  mysqli_fetch_assoc() expects parameter 1 to be mysqli_result, boolean given in /var/www/html/volley-app.com/public_html/lib/dbq.php on line 242, referer: https://lvh.me/index.php?vkid=514842413
[Sun Dec 02 21:00:59.741595 2018] [php7:notice] [pid 487] [client 172.17.0.1:43130] PHP Notice:  Undefined variable: trid in /var/www/html/volley-app.com/public_html/lib/dbq.php on line 168, referer: https://lvh.me/index.php?vkid=514842413
[Sun Dec 02 21:20:37.359003 2018] [php7:notice] [pid 47] [client 172.17.0.1:53206] PHP Notice:  Undefined variable: rez in /var/www/html/volley-app.com/public_html/lib/dbq.php on line 194, referer: https://lvh.me/index.php?vkid=518747236
[Sun Dec 02 21:25:18.939677 2018] [php7:notice] [pid 47] [client 172.17.0.1:55816] PHP Notice:  Object of class mysqli_result could not be converted to int in /var/www/html/volley-app.com/public_html/lib/dbq.php on line 151, referer: https://lvh.me/index.php?vkid=39891999
[Sun Dec 02 21:26:44.437596 2018] [php7:emerg] [pid 48] [client 172.17.0.1:56518] PHP Parse error:  syntax error, unexpected 'return' (T_RETURN) in /var/www/html/volley-app.com/public_html/lib/dbq.php on line 266, referer: https://lvh.me/index.php?vkid=39891999
[Sun Dec 02 21:30:42.344706 2018] [php7:warn] [pid 503] [client 172.17.0.1:58822] PHP Warning:  mysqli_fetch_assoc() expects parameter 1 to be mysqli_result, boolean given in /var/www/html/volley-app.com/public_html/lib/dbq.php on line 264, referer: https://lvh.me/index.php?vkid=514842413
[Sun Dec 02 21:30:51.086893 2018] [php7:warn] [pid 85] [client 172.17.0.1:58918] PHP Warning:  mysqli_fetch_assoc() expects parameter 1 to be mysqli_result, boolean given in /var/www/html/volley-app.com/public_html/lib/dbq.php on line 264, referer: https://lvh.me/index.php?vkid=514842413
[Sun Dec 02 21:55:46.305053 2018] [php7:warn] [pid 504] [client 172.17.0.1:59608] PHP Warning:  mysqli_fetch_assoc() expects parameter 1 to be mysqli_result, boolean given in /var/www/html/volley-app.com/public_html/lib/dbq.php on line 265, referer: https://lvh.me/index.php?vkid=514842413
[Sun Dec 02 21:56:41.741012 2018] [php7:warn] [pid 502] [client 172.17.0.1:59682] PHP Warning:  mysqli_fetch_assoc() expects parameter 1 to be mysqli_result, boolean given in /var/www/html/volley-app.com/public_html/lib/dbq.php on line 265, referer: https://lvh.me/index.php?vkid=514842413
[Sun Dec 02 21:58:35.030302 2018] [php7:warn] [pid 503] [client 172.17.0.1:59712] PHP Warning:  mysqli_fetch_assoc() expects parameter 1 to be mysqli_result, boolean given in /var/www/html/volley-app.com/public_html/lib/dbq.php on line 265, referer: https://lvh.me/index.php?vkid=514842413
[Sun Dec 02 21:59:40.510423 2018] [php7:warn] [pid 501] [client 172.17.0.1:59900] PHP Warning:  mysqli_fetch_assoc() expects parameter 1 to be mysqli_result, boolean given in /var/www/html/volley-app.com/public_html/lib/dbq.php on line 265, referer: https://lvh.me/index.php?vkid=514842413
[Sun Dec 02 22:03:53.603683 2018] [php7:warn] [pid 488] [client 172.17.0.1:60014] PHP Warning:  mysqli_fetch_assoc() expects parameter 1 to be mysqli_result, boolean given in /var/www/html/volley-app.com/public_html/lib/dbq.php on line 265, referer: https://lvh.me/index.php?vkid=514842413
[Sun Dec 02 22:05:33.659035 2018] [php7:warn] [pid 487] [client 172.17.0.1:60406] PHP Warning:  mysqli_fetch_assoc() expects parameter 1 to be mysqli_result, boolean given in /var/www/html/volley-app.com/public_html/lib/dbq.php on line 265, referer: https://lvh.me/index.php?vkid=514842413
[Sun Dec 02 22:10:48.626975 2018] [php7:error] [pid 48] [client 172.17.0.1:60474] PHP Fatal error:  Uncaught Error: Call to undefined function mysqli_result_free() in /var/www/html/volley-app.com/public_html/lib/dbq.php:269\nStack trace:\n#0 /var/www/html/volley-app.com/public_html/index.php(4): require_once()\n#1 {main}\n  thrown in /var/www/html/volley-app.com/public_html/lib/dbq.php on line 269, referer: https://vk.com/app6738467_514842413
[Sun Dec 02 22:11:17.971625 2018] [php7:warn] [pid 501] [client 172.17.0.1:60500] PHP Warning:  mysqli_free_result() expects exactly 1 parameter, 0 given in /var/www/html/volley-app.com/public_html/lib/dbq.php on line 269, referer: https://vk.com/app6738467_514842413
[Sun Dec 02 22:12:10.971248 2018] [php7:warn] [pid 85] [client 172.17.0.1:60558] PHP Warning:  mysqli_free_result() expects parameter 1 to be mysqli_result, object given in /var/www/html/volley-app.com/public_html/lib/dbq.php on line 269, referer: https://vk.com/app6738467_514842413
[Sun Dec 02 22:13:37.065660 2018] [php7:warn] [pid 85] [client 172.17.0.1:60694] PHP Warning:  mysqli_fetch_assoc() expects parameter 1 to be mysqli_result, boolean given in /var/www/html/volley-app.com/public_html/lib/dbq.php on line 265, referer: https://lvh.me/index.php?vkid=514842413
[Sun Dec 02 22:13:37.065733 2018] [php7:error] [pid 85] [client 172.17.0.1:60694] PHP Fatal error:  Uncaught Error: Call to undefined function mysqli_result_free() in /var/www/html/volley-app.com/public_html/lib/dbq.php:266\nStack trace:\n#0 /var/www/html/volley-app.com/public_html/lib/dbq.php(169): get_training_capacity(Object(mysqli), 'training')\n#1 /var/www/html/volley-app.com/public_html/api.php(54): update_field('event_training', 'sched', 1, Array, Array, Object(mysqli), 1)\n#2 {main}\n  thrown in /var/www/html/volley-app.com/public_html/lib/dbq.php on line 266, referer: https://lvh.me/index.php?vkid=514842413
[Sun Dec 02 22:14:20.884878 2018] [php7:warn] [pid 48] [client 172.17.0.1:60792] PHP Warning:  mysqli_fetch_assoc() expects parameter 1 to be mysqli_result, boolean given in /var/www/html/volley-app.com/public_html/lib/dbq.php on line 265, referer: https://lvh.me/index.php?vkid=514842413
[Sun Dec 02 22:15:22.536260 2018] [php7:error] [pid 48] [client 172.17.0.1:32838] PHP Fatal error:  Uncaught Error: Cannot use object of type mysqli_result as array in /var/www/html/volley-app.com/public_html/lib/dbq.php:267\nStack trace:\n#0 /var/www/html/volley-app.com/public_html/lib/dbq.php(150): get_training_capacity(Object(mysqli), '1')\n#1 /var/www/html/volley-app.com/public_html/api.php(24): sched_user('39891999', '1', Object(mysqli))\n#2 {main}\n  thrown in /var/www/html/volley-app.com/public_html/lib/dbq.php on line 267, referer: https://lvh.me/index.php?vkid=39891999
[Mon Dec 03 06:56:19.049201 2018] [ssl:warn] [pid 41] AH01906: RSA server certificate is a CA certificate (BasicConstraints: CA == TRUE !?)
[Mon Dec 03 06:56:19.160681 2018] [ssl:warn] [pid 42] AH01906: RSA server certificate is a CA certificate (BasicConstraints: CA == TRUE !?)
[Mon Dec 03 07:32:51.772583 2018] [php7:error] [pid 502] [client 172.17.0.1:58884] PHP Fatal error:  Uncaught Error: Call to undefined function int() in /var/www/html/volley-app.com/public_html/lib/dbq.php:266\nStack trace:\n#0 /var/www/html/volley-app.com/public_html/lib/dbq.php(150): get_training_capacity(Object(mysqli), '1')\n#1 /var/www/html/volley-app.com/public_html/api.php(24): sched_user('39891999', '1', Object(mysqli))\n#2 {main}\n  thrown in /var/www/html/volley-app.com/public_html/lib/dbq.php on line 266, referer: https://lvh.me/index.php?vkid=39891999
[Mon Dec 03 07:34:38.358477 2018] [php7:error] [pid 487] [client 172.17.0.1:58924] PHP Fatal error:  Uncaught Error: Call to undefined function integer() in /var/www/html/volley-app.com/public_html/lib/dbq.php:266\nStack trace:\n#0 /var/www/html/volley-app.com/public_html/lib/dbq.php(150): get_training_capacity(Object(mysqli), '1')\n#1 /var/www/html/volley-app.com/public_html/api.php(24): sched_user('39891999', '1', Object(mysqli))\n#2 {main}\n  thrown in /var/www/html/volley-app.com/public_html/lib/dbq.php on line 266, referer: https://lvh.me/index.php?vkid=39891999
[Mon Dec 03 07:36:41.797614 2018] [php7:warn] [pid 46] [client 172.17.0.1:59062] PHP Warning:  mysqli_fetch_assoc() expects parameter 1 to be mysqli_result, boolean given in /var/www/html/volley-app.com/public_html/lib/dbq.php on line 266, referer: https://lvh.me/index.php?vkid=39891999
[Mon Dec 03 07:38:30.200994 2018] [php7:warn] [pid 80] [client 172.17.0.1:59390] PHP Warning:  mysqli_fetch_assoc() expects parameter 1 to be mysqli_result, boolean given in /var/www/html/volley-app.com/public_html/lib/dbq.php on line 266, referer: https://lvh.me/index.php?vkid=514842413
[Mon Dec 03 07:40:16.822704 2018] [php7:notice] [pid 80] [client 172.17.0.1:59584] PHP Notice:  Object of class mysqli_result could not be converted to int in /var/www/html/volley-app.com/public_html/lib/dbq.php on line 267, referer: https://lvh.me/index.php?vkid=514842413
[Mon Dec 03 07:40:57.905649 2018] [php7:warn] [pid 486] [client 172.17.0.1:59648] PHP Warning:  mysqli_fetch_assoc() expects parameter 1 to be mysqli_result, boolean given in /var/www/html/volley-app.com/public_html/lib/dbq.php on line 266, referer: https://lvh.me/index.php?vkid=514842413
[Mon Dec 03 07:44:48.888996 2018] [php7:warn] [pid 487] [client 172.17.0.1:59834] PHP Warning:  mysqli_fetch_assoc() expects parameter 1 to be mysqli_result, boolean given in /var/www/html/volley-app.com/public_html/lib/dbq.php on line 266, referer: https://lvh.me/index.php?vkid=514842413
[Mon Dec 03 07:45:34.687660 2018] [php7:warn] [pid 487] [client 172.17.0.1:59890] PHP Warning:  mysqli_fetch_assoc() expects parameter 1 to be mysqli_result, boolean given in /var/www/html/volley-app.com/public_html/lib/dbq.php on line 266, referer: https://lvh.me/index.php?vkid=514842413
[Mon Dec 03 07:46:53.058095 2018] [php7:warn] [pid 500] [client 172.17.0.1:59942] PHP Warning:  mysqli_fetch_assoc() expects parameter 1 to be mysqli_result, boolean given in /var/www/html/volley-app.com/public_html/lib/dbq.php on line 266, referer: https://lvh.me/index.php?vkid=514842413
[Mon Dec 03 07:46:53.058151 2018] [php7:warn] [pid 500] [client 172.17.0.1:59942] PHP Warning:  mysqli_error() expects parameter 1 to be mysqli, boolean given in /var/www/html/volley-app.com/public_html/lib/dbq.php on line 268, referer: https://lvh.me/index.php?vkid=514842413
[Mon Dec 03 07:50:41.507451 2018] [php7:warn] [pid 486] [client 172.17.0.1:60002] PHP Warning:  mysqli_fetch_assoc() expects parameter 1 to be mysqli_result, boolean given in /var/www/html/volley-app.com/public_html/lib/dbq.php on line 266, referer: https://lvh.me/index.php?vkid=514842413
[Mon Dec 03 07:50:41.507504 2018] [php7:warn] [pid 486] [client 172.17.0.1:60002] PHP Warning:  mysqli_error() expects parameter 1 to be mysqli, boolean given in /var/www/html/volley-app.com/public_html/lib/dbq.php on line 268, referer: https://lvh.me/index.php?vkid=514842413
[Mon Dec 03 07:50:41.644601 2018] [php7:warn] [pid 503] [client 172.17.0.1:60022] PHP Warning:  mysqli_fetch_assoc() expects parameter 1 to be mysqli_result, boolean given in /var/www/html/volley-app.com/public_html/lib/dbq.php on line 266, referer: https://lvh.me/index.php?vkid=514842413
[Mon Dec 03 07:50:41.644649 2018] [php7:warn] [pid 503] [client 172.17.0.1:60022] PHP Warning:  mysqli_error() expects parameter 1 to be mysqli, boolean given in /var/www/html/volley-app.com/public_html/lib/dbq.php on line 268, referer: https://lvh.me/index.php?vkid=514842413
[Mon Dec 03 07:50:58.492969 2018] [php7:warn] [pid 486] [client 172.17.0.1:60062] PHP Warning:  mysqli_fetch_assoc() expects parameter 1 to be mysqli_result, boolean given in /var/www/html/volley-app.com/public_html/lib/dbq.php on line 266, referer: https://lvh.me/index.php?vkid=514842413
[Mon Dec 03 07:50:58.493039 2018] [php7:warn] [pid 486] [client 172.17.0.1:60062] PHP Warning:  mysqli_error() expects parameter 1 to be mysqli, boolean given in /var/www/html/volley-app.com/public_html/lib/dbq.php on line 268, referer: https://lvh.me/index.php?vkid=514842413
[Mon Dec 03 07:52:34.263996 2018] [php7:warn] [pid 47] [client 172.17.0.1:60120] PHP Warning:  mysqli_fetch_assoc() expects parameter 1 to be mysqli_result, boolean given in /var/www/html/volley-app.com/public_html/lib/dbq.php on line 266, referer: https://lvh.me/index.php?vkid=514842413
[Mon Dec 03 08:07:03.768791 2018] [php7:error] [pid 502] [client 172.17.0.1:32834] PHP Fatal error:  Uncaught ArgumentCountError: Too few arguments to function update_field(), 6 passed in /var/www/html/volley-app.com/public_html/api.php on line 54 and exactly 7 expected in /var/www/html/volley-app.com/public_html/lib/dbq.php:165\nStack trace:\n#0 /var/www/html/volley-app.com/public_html/api.php(54): update_field('event_training', 'sched', 1, Array, Array, Object(mysqli))\n#1 {main}\n  thrown in /var/www/html/volley-app.com/public_html/lib/dbq.php on line 165, referer: https://lvh.me/index.php?vkid=518747236
[Mon Dec 03 11:16:08.363316 2018] [php7:emerg] [pid 80] [client 172.17.0.1:37686] PHP Parse error:  syntax error, unexpected '}' in /var/www/html/volley-app.com/public_html/lib/dbq.php on line 228, referer: https://vk.com/app6738467_518747236
[Mon Dec 03 11:16:48.827287 2018] [php7:notice] [pid 503] [client 172.17.0.1:37728] PHP Notice:  Undefined variable: table in /var/www/html/volley-app.com/public_html/lib/dbq.php on line 227, referer: https://vk.com/app6738467_518747236
[Mon Dec 03 11:16:48.827336 2018] [php7:notice] [pid 503] [client 172.17.0.1:37728] PHP Notice:  Undefined variable: req_field in /var/www/html/volley-app.com/public_html/lib/dbq.php on line 227, referer: https://vk.com/app6738467_518747236
[Mon Dec 03 11:18:55.296427 2018] [php7:emerg] [pid 46] [client 172.17.0.1:37798] PHP Parse error:  syntax error, unexpected '$condition_value' (T_VARIABLE) in /var/www/html/volley-app.com/public_html/lib/dbq.php on line 221, referer: https://vk.com/app6738467_518747236
[Mon Dec 03 11:19:40.412186 2018] [php7:notice] [pid 47] [client 172.17.0.1:37824] PHP Notice:  Undefined variable: table in /var/www/html/volley-app.com/public_html/lib/dbq.php on line 228, referer: https://vk.com/app6738467_518747236
