[Thu Jan 10 14:01:22.699401 2019] [ssl:warn] [pid 675] AH01906: RSA server certificate is a CA certificate (BasicConstraints: CA == TRUE !?)
[Thu Jan 10 14:01:22.879829 2019] [ssl:warn] [pid 676] AH01906: RSA server certificate is a CA certificate (BasicConstraints: CA == TRUE !?)
[Thu Jan 10 14:28:37.152933 2019] [ssl:warn] [pid 42] AH01906: RSA server certificate is a CA certificate (BasicConstraints: CA == TRUE !?)
[Thu Jan 10 14:28:37.304466 2019] [ssl:warn] [pid 43] AH01906: RSA server certificate is a CA certificate (BasicConstraints: CA == TRUE !?)
[Fri Jan 11 20:14:46.657103 2019] [ssl:warn] [pid 42] AH01906: RSA server certificate is a CA certificate (BasicConstraints: CA == TRUE !?)
[Fri Jan 11 20:14:46.857864 2019] [ssl:warn] [pid 43] AH01906: RSA server certificate is a CA certificate (BasicConstraints: CA == TRUE !?)
[Fri Jan 11 20:30:16.741281 2019] [php7:notice] [pid 562] [client 172.17.0.1:59456] PHP Notice:  Undefined index: vkid in /var/www/html/volley-app.com/public_html/index.php on line 5, referer: https://lvh.me/assets/
[Fri Jan 11 20:30:16.741714 2019] [php7:warn] [pid 562] [client 172.17.0.1:59456] PHP Warning:  mysqli_num_rows() expects parameter 1 to be mysqli_result, boolean given in /var/www/html/volley-app.com/public_html/lib/dbq.php on line 311, referer: https://lvh.me/assets/
[Fri Jan 11 20:30:16.777650 2019] [php7:warn] [pid 562] [client 172.17.0.1:59456] PHP Warning:  mysqli_num_rows() expects parameter 1 to be mysqli_result, boolean given in /var/www/html/volley-app.com/public_html/lib/dbq.php on line 311, referer: https://lvh.me/assets/
[Fri Jan 11 20:30:16.778963 2019] [php7:warn] [pid 562] [client 172.17.0.1:59456] PHP Warning:  mysqli_fetch_assoc() expects parameter 1 to be mysqli_result, boolean given in /var/www/html/volley-app.com/public_html/lib/dbq.php on line 162, referer: https://lvh.me/assets/
[Fri Jan 11 20:30:16.781164 2019] [php7:warn] [pid 562] [client 172.17.0.1:59456] PHP Warning:  mysqli_fetch_assoc() expects parameter 1 to be mysqli_result, boolean given in /var/www/html/volley-app.com/public_html/lib/dbq.php on line 289, referer: https://lvh.me/assets/
[Fri Jan 11 20:30:16.782089 2019] [php7:warn] [pid 562] [client 172.17.0.1:59456] PHP Warning:  mysqli_fetch_assoc() expects parameter 1 to be mysqli_result, boolean given in /var/www/html/volley-app.com/public_html/lib/dbq.php on line 162, referer: https://lvh.me/assets/
[Fri Jan 11 20:30:16.782877 2019] [php7:warn] [pid 562] [client 172.17.0.1:59456] PHP Warning:  mysqli_fetch_assoc() expects parameter 1 to be mysqli_result, boolean given in /var/www/html/volley-app.com/public_html/lib/dbq.php on line 289, referer: https://lvh.me/assets/
[Fri Jan 11 20:30:16.783656 2019] [php7:warn] [pid 562] [client 172.17.0.1:59456] PHP Warning:  mysqli_fetch_assoc() expects parameter 1 to be mysqli_result, boolean given in /var/www/html/volley-app.com/public_html/lib/dbq.php on line 162, referer: https://lvh.me/assets/
[Fri Jan 11 20:30:16.784452 2019] [php7:warn] [pid 562] [client 172.17.0.1:59456] PHP Warning:  mysqli_fetch_assoc() expects parameter 1 to be mysqli_result, boolean given in /var/www/html/volley-app.com/public_html/lib/dbq.php on line 289, referer: https://lvh.me/assets/
[Fri Jan 11 20:30:16.785312 2019] [php7:warn] [pid 562] [client 172.17.0.1:59456] PHP Warning:  mysqli_fetch_assoc() expects parameter 1 to be mysqli_result, boolean given in /var/www/html/volley-app.com/public_html/lib/dbq.php on line 162, referer: https://lvh.me/assets/
[Fri Jan 11 20:30:16.786526 2019] [php7:warn] [pid 562] [client 172.17.0.1:59456] PHP Warning:  mysqli_fetch_assoc() expects parameter 1 to be mysqli_result, boolean given in /var/www/html/volley-app.com/public_html/lib/dbq.php on line 289, referer: https://lvh.me/assets/
[Fri Jan 11 20:30:16.787374 2019] [php7:warn] [pid 562] [client 172.17.0.1:59456] PHP Warning:  mysqli_fetch_assoc() expects parameter 1 to be mysqli_result, boolean given in /var/www/html/volley-app.com/public_html/lib/dbq.php on line 162, referer: https://lvh.me/assets/
[Fri Jan 11 20:30:16.788310 2019] [php7:warn] [pid 562] [client 172.17.0.1:59456] PHP Warning:  mysqli_fetch_assoc() expects parameter 1 to be mysqli_result, boolean given in /var/www/html/volley-app.com/public_html/lib/dbq.php on line 289, referer: https://lvh.me/assets/
[Fri Jan 11 20:30:16.789130 2019] [php7:warn] [pid 562] [client 172.17.0.1:59456] PHP Warning:  mysqli_fetch_assoc() expects parameter 1 to be mysqli_result, boolean given in /var/www/html/volley-app.com/public_html/lib/dbq.php on line 162, referer: https://lvh.me/assets/
[Fri Jan 11 20:30:16.809964 2019] [php7:warn] [pid 562] [client 172.17.0.1:59456] PHP Warning:  mysqli_fetch_assoc() expects parameter 1 to be mysqli_result, boolean given in /var/www/html/volley-app.com/public_html/lib/dbq.php on line 289, referer: https://lvh.me/assets/
[Fri Jan 11 20:30:16.811102 2019] [php7:warn] [pid 562] [client 172.17.0.1:59456] PHP Warning:  mysqli_fetch_assoc() expects parameter 1 to be mysqli_result, boolean given in /var/www/html/volley-app.com/public_html/lib/dbq.php on line 162, referer: https://lvh.me/assets/
[Fri Jan 11 20:30:16.812173 2019] [php7:warn] [pid 562] [client 172.17.0.1:59456] PHP Warning:  mysqli_fetch_assoc() expects parameter 1 to be mysqli_result, boolean given in /var/www/html/volley-app.com/public_html/lib/dbq.php on line 289, referer: https://lvh.me/assets/
[Fri Jan 11 20:30:16.813351 2019] [php7:warn] [pid 562] [client 172.17.0.1:59456] PHP Warning:  mysqli_fetch_assoc() expects parameter 1 to be mysqli_result, boolean given in /var/www/html/volley-app.com/public_html/lib/dbq.php on line 162, referer: https://lvh.me/assets/
[Fri Jan 11 20:30:16.814345 2019] [php7:warn] [pid 562] [client 172.17.0.1:59456] PHP Warning:  mysqli_fetch_assoc() expects parameter 1 to be mysqli_result, boolean given in /var/www/html/volley-app.com/public_html/lib/dbq.php on line 289, referer: https://lvh.me/assets/
[Fri Jan 11 20:30:37.224250 2019] [php7:notice] [pid 503] [client 172.17.0.1:59678] PHP Notice:  Undefined index: test in /var/www/html/volley-app.com/public_html/login.php on line 132
[Sat Jan 12 13:17:11.986629 2019] [ssl:warn] [pid 44] AH01906: RSA server certificate is a CA certificate (BasicConstraints: CA == TRUE !?)
[Sat Jan 12 13:17:12.154865 2019] [ssl:warn] [pid 45] AH01906: RSA server certificate is a CA certificate (BasicConstraints: CA == TRUE !?)
[Sat Jan 12 13:23:32.542153 2019] [php7:notice] [pid 51] [client 172.17.0.1:44202] PHP Notice:  Undefined index: test in /var/www/html/volley-app.com/public_html/login.php on line 132
[Sat Jan 12 13:26:15.145046 2019] [php7:error] [pid 507] [client 172.17.0.1:44402] script '/var/www/html/volley-app.com/public_html/upload.php' not found or unable to stat, referer: https://lvh.me/adminapp.php?PHPSESSID=8fvmv5hs73mdbmrbj5pdauqopj
[Sat Jan 12 13:33:12.974654 2019] [php7:warn] [pid 493] [client 172.17.0.1:44692] PHP Warning:  move_uploaded_file(/assets/img/rooms/eDb (2).sql): failed to open stream: No such file or directory in /var/www/html/volley-app.com/public_html/uploadpict.php on line 7, referer: https://lvh.me/adminapp.php?sortpic=eDb+%282%29.sql
[Sat Jan 12 13:33:12.974750 2019] [php7:warn] [pid 493] [client 172.17.0.1:44692] PHP Warning:  move_uploaded_file(): Unable to move '/tmp/php6eD6MO' to '/assets/img/rooms/eDb (2).sql' in /var/www/html/volley-app.com/public_html/uploadpict.php on line 7, referer: https://lvh.me/adminapp.php?sortpic=eDb+%282%29.sql
[Sat Jan 12 13:34:23.818562 2019] [php7:warn] [pid 51] [client 172.17.0.1:44832] PHP Warning:  move_uploaded_file(assets/img/rooms/eDb (2).sql): failed to open stream: Permission denied in /var/www/html/volley-app.com/public_html/uploadpict.php on line 7, referer: https://lvh.me/adminapp.php?sortpic=eDb+%282%29.sql
[Sat Jan 12 13:34:23.818631 2019] [php7:warn] [pid 51] [client 172.17.0.1:44832] PHP Warning:  move_uploaded_file(): Unable to move '/tmp/php2mtDlw' to 'assets/img/rooms/eDb (2).sql' in /var/www/html/volley-app.com/public_html/uploadpict.php on line 7, referer: https://lvh.me/adminapp.php?sortpic=eDb+%282%29.sql
[Sat Jan 12 13:35:24.749075 2019] [php7:notice] [pid 507] [client 172.17.0.1:44888] PHP Notice:  Undefined index: file in /var/www/html/volley-app.com/public_html/uploadpict.php on line 3, referer: https://lvh.me/adminapp.php?sortpic=eDb+%282%29.sql
[Sat Jan 12 13:35:24.749376 2019] [php7:notice] [pid 507] [client 172.17.0.1:44888] PHP Notice:  Undefined index: file in /var/www/html/volley-app.com/public_html/uploadpict.php on line 7, referer: https://lvh.me/adminapp.php?sortpic=eDb+%282%29.sql
[Sat Jan 12 13:35:24.749457 2019] [php7:notice] [pid 507] [client 172.17.0.1:44888] PHP Notice:  Undefined index: file in /var/www/html/volley-app.com/public_html/uploadpict.php on line 7, referer: https://lvh.me/adminapp.php?sortpic=eDb+%282%29.sql
[Sat Jan 12 14:34:19.725269 2019] [php7:error] [pid 83] [client 172.17.0.1:59270] script '/var/www/html/volley-app.com/public_html/uploadpic.php' not found or unable to stat, referer: https://lvh.me/adminapp.php?sortpic=eDb+%282%29.sql
[Sat Jan 12 14:35:31.578247 2019] [php7:error] [pid 509] [client 172.17.0.1:60104] script '/var/www/html/volley-app.com/public_html/uploadpic.php' not found or unable to stat, referer: https://lvh.me/adminapp.php?sortpic=
[Sat Jan 12 14:35:52.453989 2019] [php7:error] [pid 51] [client 172.17.0.1:60332] script '/var/www/html/volley-app.com/public_html/uploadpic.php' not found or unable to stat, referer: https://lvh.me/adminapp.php?sortpic=
[Sat Jan 12 14:36:59.459681 2019] [php7:error] [pid 509] [client 172.17.0.1:60964] script '/var/www/html/volley-app.com/public_html/uploadpic.php' not found or unable to stat, referer: https://lvh.me/adminapp.php?sortpic=eDb+%282%29.sql
[Sat Jan 12 15:20:17.483121 2019] [php7:notice] [pid 508] [client 192.168.0.79:49444] PHP Notice:  Undefined index: vkid in /var/www/html/volley-app.com/public_html/index.php on line 5
[Sat Jan 12 15:20:17.483953 2019] [php7:warn] [pid 508] [client 192.168.0.79:49444] PHP Warning:  mysqli_num_rows() expects parameter 1 to be mysqli_result, boolean given in /var/www/html/volley-app.com/public_html/lib/dbq.php on line 311
[Sat Jan 12 15:20:17.489864 2019] [php7:warn] [pid 508] [client 192.168.0.79:49444] PHP Warning:  mysqli_num_rows() expects parameter 1 to be mysqli_result, boolean given in /var/www/html/volley-app.com/public_html/lib/dbq.php on line 311
[Sat Jan 12 15:20:17.490467 2019] [php7:warn] [pid 508] [client 192.168.0.79:49444] PHP Warning:  mysqli_fetch_assoc() expects parameter 1 to be mysqli_result, boolean given in /var/www/html/volley-app.com/public_html/lib/dbq.php on line 162
[Sat Jan 12 15:20:17.491360 2019] [php7:warn] [pid 508] [client 192.168.0.79:49444] PHP Warning:  mysqli_fetch_assoc() expects parameter 1 to be mysqli_result, boolean given in /var/www/html/volley-app.com/public_html/lib/dbq.php on line 289
[Sat Jan 12 15:20:17.491888 2019] [php7:warn] [pid 508] [client 192.168.0.79:49444] PHP Warning:  mysqli_fetch_assoc() expects parameter 1 to be mysqli_result, boolean given in /var/www/html/volley-app.com/public_html/lib/dbq.php on line 162
[Sat Jan 12 15:20:17.492411 2019] [php7:warn] [pid 508] [client 192.168.0.79:49444] PHP Warning:  mysqli_fetch_assoc() expects parameter 1 to be mysqli_result, boolean given in /var/www/html/volley-app.com/public_html/lib/dbq.php on line 289
[Sat Jan 12 15:20:17.492884 2019] [php7:warn] [pid 508] [client 192.168.0.79:49444] PHP Warning:  mysqli_fetch_assoc() expects parameter 1 to be mysqli_result, boolean given in /var/www/html/volley-app.com/public_html/lib/dbq.php on line 162
[Sat Jan 12 15:20:17.493402 2019] [php7:warn] [pid 508] [client 192.168.0.79:49444] PHP Warning:  mysqli_fetch_assoc() expects parameter 1 to be mysqli_result, boolean given in /var/www/html/volley-app.com/public_html/lib/dbq.php on line 289
[Sat Jan 12 15:20:17.493982 2019] [php7:warn] [pid 508] [client 192.168.0.79:49444] PHP Warning:  mysqli_fetch_assoc() expects parameter 1 to be mysqli_result, boolean given in /var/www/html/volley-app.com/public_html/lib/dbq.php on line 162
[Sat Jan 12 15:20:17.494826 2019] [php7:warn] [pid 508] [client 192.168.0.79:49444] PHP Warning:  mysqli_fetch_assoc() expects parameter 1 to be mysqli_result, boolean given in /var/www/html/volley-app.com/public_html/lib/dbq.php on line 289
[Sat Jan 12 15:20:17.495399 2019] [php7:warn] [pid 508] [client 192.168.0.79:49444] PHP Warning:  mysqli_fetch_assoc() expects parameter 1 to be mysqli_result, boolean given in /var/www/html/volley-app.com/public_html/lib/dbq.php on line 162
[Sat Jan 12 15:20:17.496532 2019] [php7:warn] [pid 508] [client 192.168.0.79:49444] PHP Warning:  mysqli_fetch_assoc() expects parameter 1 to be mysqli_result, boolean given in /var/www/html/volley-app.com/public_html/lib/dbq.php on line 289
[Sat Jan 12 15:20:17.497013 2019] [php7:warn] [pid 508] [client 192.168.0.79:49444] PHP Warning:  mysqli_fetch_assoc() expects parameter 1 to be mysqli_result, boolean given in /var/www/html/volley-app.com/public_html/lib/dbq.php on line 162
[Sat Jan 12 15:20:17.525642 2019] [php7:warn] [pid 508] [client 192.168.0.79:49444] PHP Warning:  mysqli_fetch_assoc() expects parameter 1 to be mysqli_result, boolean given in /var/www/html/volley-app.com/public_html/lib/dbq.php on line 289
[Sat Jan 12 15:20:17.527283 2019] [php7:warn] [pid 508] [client 192.168.0.79:49444] PHP Warning:  mysqli_fetch_assoc() expects parameter 1 to be mysqli_result, boolean given in /var/www/html/volley-app.com/public_html/lib/dbq.php on line 162
[Sat Jan 12 15:20:17.528786 2019] [php7:warn] [pid 508] [client 192.168.0.79:49444] PHP Warning:  mysqli_fetch_assoc() expects parameter 1 to be mysqli_result, boolean given in /var/www/html/volley-app.com/public_html/lib/dbq.php on line 289
[Sat Jan 12 15:20:17.530142 2019] [php7:warn] [pid 508] [client 192.168.0.79:49444] PHP Warning:  mysqli_fetch_assoc() expects parameter 1 to be mysqli_result, boolean given in /var/www/html/volley-app.com/public_html/lib/dbq.php on line 162
[Sat Jan 12 15:20:17.531270 2019] [php7:warn] [pid 508] [client 192.168.0.79:49444] PHP Warning:  mysqli_fetch_assoc() expects parameter 1 to be mysqli_result, boolean given in /var/www/html/volley-app.com/public_html/lib/dbq.php on line 289
[Sat Jan 12 15:20:41.581802 2019] [php7:notice] [pid 508] [client 192.168.0.79:49513] PHP Notice:  Undefined index: test in /var/www/html/volley-app.com/public_html/login.php on line 132
[Sat Jan 12 15:29:30.525171 2019] [php7:warn] [pid 493] [client 192.168.0.79:49676] PHP Warning:  POST Content-Length of 49559718 bytes exceeds the limit of 8388608 bytes in Unknown on line 0, referer: https://lvh.me/adminapp.php?PHPSESSID=2dd93ttftf1h9dlbo14lg5j4m7
[Sat Jan 12 15:29:30.526262 2019] [php7:notice] [pid 493] [client 192.168.0.79:49676] PHP Notice:  Undefined index: file in /var/www/html/volley-app.com/public_html/uploadpict.php on line 3, referer: https://lvh.me/adminapp.php?PHPSESSID=2dd93ttftf1h9dlbo14lg5j4m7
[Sat Jan 12 15:29:30.526503 2019] [php7:notice] [pid 493] [client 192.168.0.79:49676] PHP Notice:  Undefined index: file in /var/www/html/volley-app.com/public_html/uploadpict.php on line 7, referer: https://lvh.me/adminapp.php?PHPSESSID=2dd93ttftf1h9dlbo14lg5j4m7
[Sat Jan 12 15:29:30.526593 2019] [php7:notice] [pid 493] [client 192.168.0.79:49676] PHP Notice:  Undefined index: file in /var/www/html/volley-app.com/public_html/uploadpict.php on line 7, referer: https://lvh.me/adminapp.php?PHPSESSID=2dd93ttftf1h9dlbo14lg5j4m7
[Sat Jan 12 15:31:53.593303 2019] [php7:warn] [pid 51] [client 192.168.0.79:49733] PHP Warning:  POST Content-Length of 49559718 bytes exceeds the limit of 8388608 bytes in Unknown on line 0, referer: https://lvh.me/adminapp.php?sortpic=chrome.dll
[Sat Jan 12 15:31:53.593487 2019] [php7:notice] [pid 51] [client 192.168.0.79:49733] PHP Notice:  Undefined index: file in /var/www/html/volley-app.com/public_html/uploadpict.php on line 3, referer: https://lvh.me/adminapp.php?sortpic=chrome.dll
[Sat Jan 12 15:31:53.593508 2019] [php7:notice] [pid 51] [client 192.168.0.79:49733] PHP Notice:  Undefined index: file in /var/www/html/volley-app.com/public_html/uploadpict.php on line 7, referer: https://lvh.me/adminapp.php?sortpic=chrome.dll
[Sat Jan 12 15:31:53.593524 2019] [php7:notice] [pid 51] [client 192.168.0.79:49733] PHP Notice:  Undefined index: file in /var/www/html/volley-app.com/public_html/uploadpict.php on line 7, referer: https://lvh.me/adminapp.php?sortpic=chrome.dll
[Sat Jan 12 15:32:57.070076 2019] [php7:warn] [pid 50] [client 192.168.0.79:49778] PHP Warning:  POST Content-Length of 49559718 bytes exceeds the limit of 8388608 bytes in Unknown on line 0, referer: https://lvh.me/adminapp.php?sortpic=chrome.dll
[Sat Jan 12 15:32:57.070733 2019] [php7:notice] [pid 50] [client 192.168.0.79:49778] PHP Notice:  Undefined index: file in /var/www/html/volley-app.com/public_html/uploadpict.php on line 3, referer: https://lvh.me/adminapp.php?sortpic=chrome.dll
[Sat Jan 12 15:32:57.070847 2019] [php7:notice] [pid 50] [client 192.168.0.79:49778] PHP Notice:  Undefined index: file in /var/www/html/volley-app.com/public_html/uploadpict.php on line 7, referer: https://lvh.me/adminapp.php?sortpic=chrome.dll
[Sat Jan 12 15:32:57.070912 2019] [php7:notice] [pid 50] [client 192.168.0.79:49778] PHP Notice:  Undefined index: file in /var/www/html/volley-app.com/public_html/uploadpict.php on line 7, referer: https://lvh.me/adminapp.php?sortpic=chrome.dll
[Sat Jan 12 15:44:55.821356 2019] [php7:notice] [pid 508] [client 192.168.0.79:50075] PHP Notice:  Undefined index: test in /var/www/html/volley-app.com/public_html/login.php on line 132
[Sat Jan 12 18:23:25.331329 2019] [php7:warn] [pid 51] [client 172.17.0.1:38988] PHP Warning:  mysqli_connect(): php_network_getaddresses: getaddrinfo failed: Name or service not known in /var/www/html/volley-app.com/public_html/conf/config.php on line 27, referer: https://lvh.me/adminapp.php?sortpic=CdHX
[Sat Jan 12 18:23:25.331686 2019] [php7:warn] [pid 51] [client 172.17.0.1:38988] PHP Warning:  mysqli_connect(): (HY000/2002): php_network_getaddresses: getaddrinfo failed: Name or service not known in /var/www/html/volley-app.com/public_html/conf/config.php on line 27, referer: https://lvh.me/adminapp.php?sortpic=CdHX
[Sat Jan 12 18:23:25.331769 2019] [php7:warn] [pid 51] [client 172.17.0.1:38988] PHP Warning:  mysqli_set_charset() expects parameter 1 to be mysqli, boolean given in /var/www/html/volley-app.com/public_html/conf/config.php on line 28, referer: https://lvh.me/adminapp.php?sortpic=CdHX
[Sat Jan 12 18:23:25.331853 2019] [php7:warn] [pid 51] [client 172.17.0.1:38988] PHP Warning:  mysqli_query() expects parameter 1 to be mysqli, boolean given in /var/www/html/volley-app.com/public_html/lib/adminbd.php on line 7, referer: https://lvh.me/adminapp.php?sortpic=CdHX
[Sat Jan 12 18:23:25.331912 2019] [php7:warn] [pid 51] [client 172.17.0.1:38988] PHP Warning:  mysqli_fetch_assoc() expects parameter 1 to be mysqli_result, null given in /var/www/html/volley-app.com/public_html/lib/adminbd.php on line 10, referer: https://lvh.me/adminapp.php?sortpic=CdHX
[Sat Jan 12 18:23:25.331979 2019] [php7:warn] [pid 51] [client 172.17.0.1:38988] PHP Warning:  mysqli_query() expects parameter 1 to be mysqli, boolean given in /var/www/html/volley-app.com/public_html/lib/adminbd.php on line 35, referer: https://lvh.me/adminapp.php?sortpic=CdHX
[Sat Jan 12 18:23:25.332036 2019] [php7:warn] [pid 51] [client 172.17.0.1:38988] PHP Warning:  mysqli_fetch_assoc() expects parameter 1 to be mysqli_result, null given in /var/www/html/volley-app.com/public_html/lib/adminbd.php on line 38, referer: https://lvh.me/adminapp.php?sortpic=CdHX
[Sat Jan 12 18:23:25.332099 2019] [php7:warn] [pid 51] [client 172.17.0.1:38988] PHP Warning:  mysqli_query() expects parameter 1 to be mysqli, boolean given in /var/www/html/volley-app.com/public_html/lib/adminbd.php on line 59, referer: https://lvh.me/adminapp.php?sortpic=CdHX
[Sat Jan 12 18:23:25.332155 2019] [php7:warn] [pid 51] [client 172.17.0.1:38988] PHP Warning:  mysqli_fetch_assoc() expects parameter 1 to be mysqli_result, null given in /var/www/html/volley-app.com/public_html/lib/adminbd.php on line 62, referer: https://lvh.me/adminapp.php?sortpic=CdHX
[Sat Jan 12 18:23:25.332265 2019] [php7:warn] [pid 51] [client 172.17.0.1:38988] PHP Warning:  mysqli_query() expects parameter 1 to be mysqli, boolean given in /var/www/html/volley-app.com/public_html/lib/adminbd.php on line 89, referer: https://lvh.me/adminapp.php?sortpic=CdHX
[Sat Jan 12 18:23:25.332361 2019] [php7:warn] [pid 51] [client 172.17.0.1:38988] PHP Warning:  mysqli_fetch_assoc() expects parameter 1 to be mysqli_result, null given in /var/www/html/volley-app.com/public_html/lib/adminbd.php on line 92, referer: https://lvh.me/adminapp.php?sortpic=CdHX
[Sat Jan 12 18:23:25.332424 2019] [php7:warn] [pid 51] [client 172.17.0.1:38988] PHP Warning:  mysqli_query() expects parameter 1 to be mysqli, boolean given in /var/www/html/volley-app.com/public_html/lib/adminbd.php on line 115, referer: https://lvh.me/adminapp.php?sortpic=CdHX
[Sat Jan 12 18:23:25.332480 2019] [php7:warn] [pid 51] [client 172.17.0.1:38988] PHP Warning:  mysqli_fetch_assoc() expects parameter 1 to be mysqli_result, null given in /var/www/html/volley-app.com/public_html/lib/adminbd.php on line 118, referer: https://lvh.me/adminapp.php?sortpic=CdHX
[Sat Jan 12 18:23:25.332532 2019] [php7:notice] [pid 51] [client 172.17.0.1:38988] PHP Notice:  Undefined variable: newsarr in /var/www/html/volley-app.com/public_html/lib/adminbd.php on line 131, referer: https://lvh.me/adminapp.php?sortpic=CdHX
[Sat Jan 12 18:23:25.332589 2019] [php7:warn] [pid 51] [client 172.17.0.1:38988] PHP Warning:  implode(): Argument must be an array in /var/www/html/volley-app.com/public_html/lib/adminbd.php on line 131, referer: https://lvh.me/adminapp.php?sortpic=CdHX
[Sat Jan 12 18:23:25.332638 2019] [php7:notice] [pid 51] [client 172.17.0.1:38988] PHP Notice:  Undefined variable: newsmod in /var/www/html/volley-app.com/public_html/lib/adminbd.php on line 132, referer: https://lvh.me/adminapp.php?sortpic=CdHX
[Sat Jan 12 18:23:25.332935 2019] [php7:warn] [pid 51] [client 172.17.0.1:38988] PHP Warning:  implode(): Argument must be an array in /var/www/html/volley-app.com/public_html/lib/adminbd.php on line 132, referer: https://lvh.me/adminapp.php?sortpic=CdHX
[Sat Jan 12 18:23:25.332996 2019] [php7:warn] [pid 51] [client 172.17.0.1:38988] PHP Warning:  mysqli_query() expects parameter 1 to be mysqli, boolean given in /var/www/html/volley-app.com/public_html/lib/adminbd.php on line 138, referer: https://lvh.me/adminapp.php?sortpic=CdHX
[Sat Jan 12 18:23:25.333052 2019] [php7:warn] [pid 51] [client 172.17.0.1:38988] PHP Warning:  mysqli_fetch_assoc() expects parameter 1 to be mysqli_result, null given in /var/www/html/volley-app.com/public_html/lib/adminbd.php on line 142, referer: https://lvh.me/adminapp.php?sortpic=CdHX
[Sat Jan 12 18:23:25.333113 2019] [php7:warn] [pid 51] [client 172.17.0.1:38988] PHP Warning:  mysqli_query() expects parameter 1 to be mysqli, boolean given in /var/www/html/volley-app.com/public_html/lib/adminbd.php on line 215, referer: https://lvh.me/adminapp.php?sortpic=CdHX
[Sat Jan 12 18:23:25.333168 2019] [php7:warn] [pid 51] [client 172.17.0.1:38988] PHP Warning:  mysqli_fetch_assoc() expects parameter 1 to be mysqli_result, null given in /var/www/html/volley-app.com/public_html/lib/adminbd.php on line 216, referer: https://lvh.me/adminapp.php?sortpic=CdHX
[Sat Jan 12 18:23:48.690180 2019] [php7:notice] [pid 493] [client 172.17.0.1:39632] PHP Notice:  Undefined index: test in /var/www/html/volley-app.com/public_html/login.php on line 132
[Sat Jan 12 19:20:41.590678 2019] [php7:notice] [pid 50] [client 172.17.0.1:40160] PHP Notice:  Undefined index: file in /var/www/html/volley-app.com/public_html/uploadpict.php on line 3, referer: https://lvh.me/adminapp.php?sortpic=drosha_header.png
[Sat Jan 12 19:20:41.590795 2019] [php7:notice] [pid 50] [client 172.17.0.1:40160] PHP Notice:  Undefined index: file in /var/www/html/volley-app.com/public_html/uploadpict.php on line 7, referer: https://lvh.me/adminapp.php?sortpic=drosha_header.png
[Sat Jan 12 19:20:41.590812 2019] [php7:notice] [pid 50] [client 172.17.0.1:40160] PHP Notice:  Undefined index: file in /var/www/html/volley-app.com/public_html/uploadpict.php on line 7, referer: https://lvh.me/adminapp.php?sortpic=drosha_header.png
[Sat Jan 12 19:53:14.980962 2019] [php7:notice] [pid 662] [client 172.17.0.1:56882] PHP Notice:  Undefined index: file in /var/www/html/volley-app.com/public_html/uploadpict.php on line 3, referer: https://lvh.me/adminapp.php?sortpic=CdHX
[Sat Jan 12 19:53:14.981048 2019] [php7:notice] [pid 662] [client 172.17.0.1:56882] PHP Notice:  Undefined index: file in /var/www/html/volley-app.com/public_html/uploadpict.php on line 7, referer: https://lvh.me/adminapp.php?sortpic=CdHX
[Sat Jan 12 19:53:14.981067 2019] [php7:notice] [pid 662] [client 172.17.0.1:56882] PHP Notice:  Undefined index: file in /var/www/html/volley-app.com/public_html/uploadpict.php on line 7, referer: https://lvh.me/adminapp.php?sortpic=CdHX
[Sat Jan 12 20:14:34.331388 2019] [php7:notice] [pid 493] [client 172.17.0.1:40568] PHP Notice:  Undefined index: file in /var/www/html/volley-app.com/public_html/uploadpict.php on line 3, referer: https://lvh.me/adminapp.php?sortpic=b60dea6e1fad2ae38d2ec9bfbe075e20.jpg
[Sat Jan 12 20:14:34.331520 2019] [php7:notice] [pid 493] [client 172.17.0.1:40568] PHP Notice:  Undefined index: file in /var/www/html/volley-app.com/public_html/uploadpict.php on line 7, referer: https://lvh.me/adminapp.php?sortpic=b60dea6e1fad2ae38d2ec9bfbe075e20.jpg
[Sat Jan 12 20:14:34.331538 2019] [php7:notice] [pid 493] [client 172.17.0.1:40568] PHP Notice:  Undefined index: file in /var/www/html/volley-app.com/public_html/uploadpict.php on line 7, referer: https://lvh.me/adminapp.php?sortpic=b60dea6e1fad2ae38d2ec9bfbe075e20.jpg
[Sat Jan 12 20:21:27.147153 2019] [php7:warn] [pid 509] [client 172.17.0.1:44224] PHP Warning:  POST Content-Length of 2984149210 bytes exceeds the limit of 8388608 bytes in Unknown on line 0, referer: https://lvh.me/adminapp.php?sortpic=big_loader.gif
[Sat Jan 12 20:21:27.147497 2019] [php7:notice] [pid 509] [client 172.17.0.1:44224] PHP Notice:  Undefined index: file in /var/www/html/volley-app.com/public_html/uploadpict.php on line 3, referer: https://lvh.me/adminapp.php?sortpic=big_loader.gif
[Sat Jan 12 20:21:27.147556 2019] [php7:notice] [pid 509] [client 172.17.0.1:44224] PHP Notice:  Undefined index: file in /var/www/html/volley-app.com/public_html/uploadpict.php on line 7, referer: https://lvh.me/adminapp.php?sortpic=big_loader.gif
[Sat Jan 12 20:21:27.147574 2019] [php7:notice] [pid 509] [client 172.17.0.1:44224] PHP Notice:  Undefined index: file in /var/www/html/volley-app.com/public_html/uploadpict.php on line 7, referer: https://lvh.me/adminapp.php?sortpic=big_loader.gif
[Sat Jan 12 21:03:34.243849 2019] [php7:notice] [pid 507] [client 172.17.0.1:38128] PHP Notice:  Undefined index: test in /var/www/html/volley-app.com/public_html/login.php on line 132
[Sat Jan 12 21:21:36.200454 2019] [php7:warn] [pid 493] [client 172.17.0.1:45316] PHP Warning:  exif_imagetype(image.gif): failed to open stream: No such file or directory in /var/www/html/volley-app.com/public_html/uploadpict.php on line 7, referer: https://lvh.me/adminapp.php?PHPSESSID=enm2s8nbqmfmcqp9qgk0e9n6ho
[Sat Jan 12 21:24:02.296830 2019] [php7:warn] [pid 83] [client 172.17.0.1:45402] PHP Warning:  exif_imagetype() expects parameter 1 to be a valid path, array given in /var/www/html/volley-app.com/public_html/uploadpict.php on line 7, referer: https://lvh.me/adminapp.php?PHPSESSID=enm2s8nbqmfmcqp9qgk0e9n6ho
[Sat Jan 12 21:25:08.801184 2019] [php7:warn] [pid 493] [client 172.17.0.1:45418] PHP Warning:  exif_imagetype(images.jpg): failed to open stream: No such file or directory in /var/www/html/volley-app.com/public_html/uploadpict.php on line 7, referer: https://lvh.me/adminapp.php?PHPSESSID=enm2s8nbqmfmcqp9qgk0e9n6ho
[Sat Jan 12 21:31:40.524874 2019] [php7:warn] [pid 50] [client 172.17.0.1:45642] PHP Warning:  exif_imagetype(images.jpg): failed to open stream: No such file or directory in /var/www/html/volley-app.com/public_html/uploadpict.php on line 10, referer: https://lvh.me/adminapp.php?PHPSESSID=enm2s8nbqmfmcqp9qgk0e9n6ho
[Sat Jan 12 21:34:34.955066 2019] [php7:warn] [pid 493] [client 172.17.0.1:46020] PHP Warning:  exif_imagetype() expects parameter 1 to be a valid path, string given in /var/www/html/volley-app.com/public_html/uploadpict.php on line 8, referer: https://lvh.me/adminapp.php?PHPSESSID=enm2s8nbqmfmcqp9qgk0e9n6ho
[Sat Jan 12 21:36:53.450326 2019] [php7:warn] [pid 508] [client 172.17.0.1:46064] PHP Warning:  exif_imagetype() expects parameter 1 to be a valid path, string given in /var/www/html/volley-app.com/public_html/uploadpict.php on line 8, referer: https://lvh.me/adminapp.php?PHPSESSID=enm2s8nbqmfmcqp9qgk0e9n6ho
[Sat Jan 12 21:37:10.721804 2019] [php7:warn] [pid 493] [client 172.17.0.1:46074] PHP Warning:  exif_imagetype() expects parameter 1 to be a valid path, string given in /var/www/html/volley-app.com/public_html/uploadpict.php on line 8, referer: https://lvh.me/adminapp.php?PHPSESSID=enm2s8nbqmfmcqp9qgk0e9n6ho
[Sat Jan 12 21:39:52.844895 2019] [php7:warn] [pid 492] [client 172.17.0.1:46150] PHP Warning:  exif_imagetype() expects parameter 1 to be a valid path, string given in /var/www/html/volley-app.com/public_html/uploadpict.php on line 9, referer: https://lvh.me/adminapp.php?PHPSESSID=enm2s8nbqmfmcqp9qgk0e9n6ho
